exports[`<LoginForm /> should render <H1> 1`] = `1`;

exports[`<LoginForm /> should render <form> tag 1`] = `1`;

exports[`<LoginForm /> should render Fields 1`] = `2`;

exports[`<LoginForm /> should render Password Field 1`] = `true`;

exports[`<LoginForm /> should render submit button  1`] = `1`;

exports[`<LoginForm /> should render text Field 1`] = `true`;
